// Vitest Snapshot v1, https://vitest.dev/guide/snapshot.html

exports[`LoginForm Tests > Matches snapshot 1`] = `
<DocumentFragment>
  <form
    class="LoginForm"
  >
    <h2>
      Log In
    </h2>
    <p
      class="FormField"
    >
      <label
        for="username"
      >
        Username: 
      </label>
      <input
        id="username"
        name="username"
      />
    </p>
    <p
      class="FormField"
    >
      <label
        for="password"
      >
        Password: 
      </label>
      <input
        id="password"
        name="password"
        type="password"
      />
    </p>
    <button
      type="submit"
    >
      Log In
    </button>
     or 
    <a
      href="/signup"
    >
      Sign up
    </a>
  </form>
</DocumentFragment>
`;
