// Vitest Snapshot v1, https://vitest.dev/guide/snapshot.html

exports[`ProfileForm Tests > Matches snapshot 1`] = `
<DocumentFragment>
  <form
    class="ProfileForm"
  >
    <h2>
      Edit Profile
    </h2>
    <p
      class="FormField"
    >
      <label
        for="username"
      >
        Username: 
      </label>
      <input
        id="username"
        name="username"
        readonly=""
      />
    </p>
    <p
      class="FormField"
    >
      <label
        for="password"
      >
        New Password (leave blank to not change): 
      </label>
      <input
        autocomplete="new-password"
        id="password"
        name="password"
        type="password"
      />
    </p>
    <p
      class="FormField"
    >
      <label
        for="confirm"
      >
        Confirm Password: 
      </label>
      <input
        id="confirm"
        name="confirm"
        type="password"
      />
    </p>
    <p
      class="FormField"
    >
      <label
        for="imageURL"
      >
        Image URL (optional): 
      </label>
      <input
        id="imageURL"
        name="imageURL"
      />
    </p>
    <button
      type="submit"
    >
      Save
    </button>
    <button
      type="button"
    >
      Cancel
    </button>
    <img
      alt=""
      src="u1.jpeg"
    />
  </form>
</DocumentFragment>
`;
