// Vitest Snapshot v1, https://vitest.dev/guide/snapshot.html

exports[`SignupForm Tests > Matches snapshot 1`] = `
<DocumentFragment>
  <form
    class="SignupForm"
  >
    <h2>
      Sign Up
    </h2>
    <p
      class="FormField"
    >
      <label
        for="username"
      >
        Username: 
      </label>
      <input
        id="username"
        name="username"
      />
    </p>
    <p
      class="FormField"
    >
      <label
        for="password"
      >
        Password: 
      </label>
      <input
        id="password"
        name="password"
        type="password"
      />
    </p>
    <p
      class="FormField"
    >
      <label
        for="confirm"
      >
        Confirm Password: 
      </label>
      <input
        id="confirm"
        name="confirm"
        type="password"
      />
    </p>
    <p
      class="FormField"
    >
      <label
        for="imageURL"
      >
        Image URL (optional): 
      </label>
      <input
        id="imageURL"
        name="imageURL"
      />
    </p>
    <button
      type="submit"
    >
      Sign Up
    </button>
     or 
    <a
      href="/login"
    >
      Log in
    </a>
  </form>
</DocumentFragment>
`;
