// Vitest Snapshot v1, https://vitest.dev/guide/snapshot.html

exports[`SignupForm Tests > Matches snapshot 1`] = `
<DocumentFragment>
  <form
    class="SignupForm"
  >
    <h2>
      Sign Up
    </h2>
    <p
      class="FormField"
    >
      <label
        for="username"
      >
        Username: 
      </label>
      <input
        name="username"
      />
    </p>
    <p
      class="FormField"
    >
      <label
        for="password"
      >
        New Password (leave blank to not change): 
      </label>
      <input
        name="password"
        type="password"
      />
    </p>
    <p
      class="FormField"
    >
      <label
        for="confirm"
      >
        Confirm New Password: 
      </label>
      <input
        name="confirm"
        type="password"
      />
    </p>
    <p
      class="FormField"
    >
      <label
        for="imageURL"
      >
        Image URL (optional): 
      </label>
      <input
        name="imageURL"
      />
    </p>
    <button
      type="submit"
    >
      Sign Up
    </button>
  </form>
</DocumentFragment>
`;
