// Vitest Snapshot v1, https://vitest.dev/guide/snapshot.html

exports[`NavBar Tests > Matches snapshot 1`] = `
<DocumentFragment>
  <nav
    class="NavBar"
  >
    <a
      class="logo"
      href="/"
    >
      CheckMap
    </a>
    <a
      class=""
      href="/lists"
    >
      Your Lists
    </a>
    <form
      class="ListSwitcher"
    >
      <select
        name="list"
      >
        <option
          value="1"
        >
          Test List 1a
        </option>
      </select>
    </form>
    <a
      class=""
      href="/newlist"
    >
      New List
    </a>
    <a
      class=""
      href="/profile"
    >
      Profile
    </a>
    <a
      href="/"
    >
      Log Out
    </a>
    <span>
      testuser
    </span>
  </nav>
</DocumentFragment>
`;
